02:54:28 INFO    fitymi.smoke | smoke: n_real=480 n_synth=700 seeds=(0, 1, 2) epochs=18 fractions=(0.0, 0.5, 1.0) gap=0.60
02:54:29 INFO    fitymi.experiment | splits: {'train': {'n': 312, 'classes': {0: 125, 1: 103, 2: 59, 3: 25}}, 'val': {'n': 73, 'classes': {0: 29, 1: 24, 2: 14, 3: 6}}, 'test': {'n': 95, 'classes': '<sealed>'}}
02:54:29 INFO    fitymi.smoke | splits: {'train': {'n': 312, 'classes': {0: 125, 1: 103, 2: 59, 3: 25}}, 'val': {'n': 73, 'classes': {0: 29, 1: 24, 2: 14, 3: 6}}, 'test': {'n': 95, 'classes': '<sealed>'}}
02:54:30 INFO    fitymi.experiment | sweep smoke_synth_closed: 4 arms x 3 seeds = 12 runs
02:54:30 INFO    fitymi.experiment | running none_sub_p000_s0_9b0c29eb75338943: Corpus(n=312, {0: 125, 1: 103, 2: 59, 3: 25}, {'real': 312})
02:54:32 INFO    fitymi.train.loop | epoch 1/18  loss=1.4626  val_bacc=0.2610
02:54:34 INFO    fitymi.train.loop | epoch 2/18  loss=1.3638  val_bacc=0.2604
02:54:36 INFO    fitymi.train.loop | epoch 3/18  loss=1.2981  val_bacc=0.3251
02:54:38 INFO    fitymi.train.loop | epoch 4/18  loss=1.1663  val_bacc=0.5905
02:54:39 INFO    fitymi.train.loop | epoch 5/18  loss=1.1425  val_bacc=0.4672
02:54:41 INFO    fitymi.train.loop | epoch 6/18  loss=1.0955  val_bacc=0.3646
02:54:43 INFO    fitymi.train.loop | epoch 7/18  loss=1.0477  val_bacc=0.3957
02:54:45 INFO    fitymi.train.loop | epoch 8/18  loss=1.0273  val_bacc=0.5991
02:54:46 INFO    fitymi.train.loop | epoch 9/18  loss=0.9879  val_bacc=0.6319
02:54:48 INFO    fitymi.train.loop | epoch 10/18  loss=0.9797  val_bacc=0.6238
02:54:50 INFO    fitymi.train.loop | epoch 11/18  loss=1.0049  val_bacc=0.5584
02:54:52 INFO    fitymi.train.loop | epoch 12/18  loss=0.9328  val_bacc=0.5149
02:54:53 INFO    fitymi.train.loop | epoch 13/18  loss=0.9484  val_bacc=0.7215
02:54:55 INFO    fitymi.train.loop | epoch 14/18  loss=0.9406  val_bacc=0.7215
02:54:57 INFO    fitymi.train.loop | epoch 15/18  loss=0.9427  val_bacc=0.8039
02:54:59 INFO    fitymi.train.loop | epoch 16/18  loss=0.8984  val_bacc=0.8039
02:55:00 INFO    fitymi.train.loop | epoch 17/18  loss=0.8986  val_bacc=0.8235
02:55:02 INFO    fitymi.train.loop | epoch 18/18  loss=0.8753  val_bacc=0.8057
02:55:03 INFO    fitymi.experiment | running none_sub_p000_s1_2a36e419a3b67cce: Corpus(n=312, {0: 125, 1: 103, 2: 59, 3: 25}, {'real': 312})
02:55:05 INFO    fitymi.train.loop | epoch 1/18  loss=1.5403  val_bacc=0.2586
02:55:07 INFO    fitymi.train.loop | epoch 2/18  loss=1.3913  val_bacc=0.3271
02:55:08 INFO    fitymi.train.loop | epoch 3/18  loss=1.3796  val_bacc=0.2999
02:55:10 INFO    fitymi.train.loop | epoch 4/18  loss=1.3862  val_bacc=0.3173
02:55:12 INFO    fitymi.train.loop | epoch 5/18  loss=1.2994  val_bacc=0.3526
02:55:14 INFO    fitymi.train.loop | epoch 6/18  loss=1.3222  val_bacc=0.4045
02:55:15 INFO    fitymi.train.loop | epoch 7/18  loss=1.2775  val_bacc=0.4838
02:55:17 INFO    fitymi.train.loop | epoch 8/18  loss=1.2633  val_bacc=0.3125
02:55:19 INFO    fitymi.train.loop | epoch 9/18  loss=1.1967  val_bacc=0.6187
02:55:21 INFO    fitymi.train.loop | epoch 10/18  loss=1.1465  val_bacc=0.3330
02:55:22 INFO    fitymi.train.loop | epoch 11/18  loss=1.0934  val_bacc=0.8051
02:55:24 INFO    fitymi.train.loop | epoch 12/18  loss=1.0690  val_bacc=0.6155
02:55:26 INFO    fitymi.train.loop | epoch 13/18  loss=1.0128  val_bacc=0.8101
02:55:28 INFO    fitymi.train.loop | epoch 14/18  loss=1.0019  val_bacc=0.5777
02:55:30 INFO    fitymi.train.loop | epoch 15/18  loss=1.0174  val_bacc=0.7387
02:55:31 INFO    fitymi.train.loop | epoch 16/18  loss=0.9926  val_bacc=0.6152
02:55:33 INFO    fitymi.train.loop | epoch 17/18  loss=0.9743  val_bacc=0.6152
02:55:35 INFO    fitymi.train.loop | epoch 18/18  loss=1.0207  val_bacc=0.6152
02:55:35 INFO    fitymi.experiment | running none_sub_p000_s2_c8426d2d68a1c10e: Corpus(n=312, {0: 125, 1: 103, 2: 59, 3: 25}, {'real': 312})
02:55:37 INFO    fitymi.train.loop | epoch 1/18  loss=1.5454  val_bacc=0.2500
02:55:39 INFO    fitymi.train.loop | epoch 2/18  loss=1.4402  val_bacc=0.2590
02:55:40 INFO    fitymi.train.loop | epoch 3/18  loss=1.3673  val_bacc=0.2565
02:55:42 INFO    fitymi.train.loop | epoch 4/18  loss=1.3685  val_bacc=0.3409
02:55:44 INFO    fitymi.train.loop | epoch 5/18  loss=1.3727  val_bacc=0.4075
02:55:46 INFO    fitymi.train.loop | epoch 6/18  loss=1.3134  val_bacc=0.3018
02:55:48 INFO    fitymi.train.loop | epoch 7/18  loss=1.3410  val_bacc=0.3077
02:55:49 INFO    fitymi.train.loop | epoch 8/18  loss=1.2670  val_bacc=0.2500
02:55:51 INFO    fitymi.train.loop | epoch 9/18  loss=1.1841  val_bacc=0.2500
02:55:53 INFO    fitymi.train.loop | epoch 10/18  loss=1.1426  val_bacc=0.5387
02:55:55 INFO    fitymi.train.loop | epoch 11/18  loss=1.1144  val_bacc=0.5453
02:55:56 INFO    fitymi.train.loop | epoch 12/18  loss=1.0567  val_bacc=0.4177
02:55:58 INFO    fitymi.train.loop | epoch 13/18  loss=1.0113  val_bacc=0.6483
02:56:00 INFO    fitymi.train.loop | epoch 14/18  loss=0.9918  val_bacc=0.5938
02:56:02 INFO    fitymi.train.loop | epoch 15/18  loss=0.9890  val_bacc=0.6512
02:56:03 INFO    fitymi.train.loop | epoch 16/18  loss=0.9901  val_bacc=0.7339
02:56:05 INFO    fitymi.train.loop | epoch 17/18  loss=0.9663  val_bacc=0.7197
02:56:07 INFO    fitymi.train.loop | epoch 18/18  loss=0.9433  val_bacc=0.7283
02:56:07 INFO    fitymi.experiment | running synth_closed_sub_p050_s0_241b1ec6e410f2d7: Corpus(n=312, {0: 126, 1: 102, 2: 58, 3: 26}, {'real': 156, 'synth_closed': 156})
02:56:09 INFO    fitymi.train.loop | epoch 1/18  loss=1.5208  val_bacc=0.2500
02:56:11 INFO    fitymi.train.loop | epoch 2/18  loss=1.5046  val_bacc=0.2500
02:56:13 INFO    fitymi.train.loop | epoch 3/18  loss=1.4265  val_bacc=0.2824
02:56:14 INFO    fitymi.train.loop | epoch 4/18  loss=1.4149  val_bacc=0.2783
02:56:16 INFO    fitymi.train.loop | epoch 5/18  loss=1.4219  val_bacc=0.3226
02:56:18 INFO    fitymi.train.loop | epoch 6/18  loss=1.3726  val_bacc=0.3502
02:56:20 INFO    fitymi.train.loop | epoch 7/18  loss=1.3683  val_bacc=0.2949
02:56:21 INFO    fitymi.train.loop | epoch 8/18  loss=1.3420  val_bacc=0.2500
02:56:23 INFO    fitymi.train.loop | epoch 9/18  loss=1.3860  val_bacc=0.2455
02:56:25 INFO    fitymi.train.loop | epoch 10/18  loss=1.3536  val_bacc=0.4411
02:56:27 INFO    fitymi.train.loop | epoch 11/18  loss=1.3235  val_bacc=0.3621
02:56:28 INFO    fitymi.train.loop | epoch 12/18  loss=1.2724  val_bacc=0.3319
02:56:30 INFO    fitymi.train.loop | epoch 13/18  loss=1.2428  val_bacc=0.5330
02:56:32 INFO    fitymi.train.loop | epoch 14/18  loss=1.2210  val_bacc=0.5164
02:56:34 INFO    fitymi.train.loop | epoch 15/18  loss=1.2054  val_bacc=0.3978
02:56:35 INFO    fitymi.train.loop | epoch 16/18  loss=1.1572  val_bacc=0.5619
02:56:37 INFO    fitymi.train.loop | epoch 17/18  loss=1.1472  val_bacc=0.6161
02:56:39 INFO    fitymi.train.loop | epoch 18/18  loss=1.1616  val_bacc=0.5896
02:56:39 INFO    fitymi.experiment | running synth_closed_sub_p050_s1_1fad523b1da167c3: Corpus(n=312, {0: 126, 1: 102, 2: 58, 3: 26}, {'real': 156, 'synth_closed': 156})
02:56:41 INFO    fitymi.train.loop | epoch 1/18  loss=1.5275  val_bacc=0.2500
02:56:43 INFO    fitymi.train.loop | epoch 2/18  loss=1.4479  val_bacc=0.2500
02:56:44 INFO    fitymi.train.loop | epoch 3/18  loss=1.4138  val_bacc=0.2514
02:56:46 INFO    fitymi.train.loop | epoch 4/18  loss=1.4301  val_bacc=0.2690
02:56:48 INFO    fitymi.train.loop | epoch 5/18  loss=1.4295  val_bacc=0.2537
02:56:50 INFO    fitymi.train.loop | epoch 6/18  loss=1.4242  val_bacc=0.3309
02:56:52 INFO    fitymi.train.loop | epoch 7/18  loss=1.4188  val_bacc=0.2904
02:56:53 INFO    fitymi.train.loop | epoch 8/18  loss=1.4045  val_bacc=0.2086
02:56:55 INFO    fitymi.train.loop | epoch 9/18  loss=1.4005  val_bacc=0.2112
02:56:57 INFO    fitymi.train.loop | epoch 10/18  loss=1.3775  val_bacc=0.3397
02:56:59 INFO    fitymi.train.loop | epoch 11/18  loss=1.3876  val_bacc=0.1788
02:57:01 INFO    fitymi.train.loop | epoch 12/18  loss=1.3670  val_bacc=0.4310
02:57:02 INFO    fitymi.train.loop | epoch 13/18  loss=1.3654  val_bacc=0.3319
02:57:04 INFO    fitymi.train.loop | epoch 14/18  loss=1.3848  val_bacc=0.1945
02:57:06 INFO    fitymi.train.loop | epoch 15/18  loss=1.3741  val_bacc=0.2733
02:57:08 INFO    fitymi.train.loop | epoch 16/18  loss=1.3543  val_bacc=0.2614
02:57:09 INFO    fitymi.train.loop | epoch 17/18  loss=1.3380  val_bacc=0.3057
02:57:11 INFO    fitymi.train.loop | epoch 18/18  loss=1.3785  val_bacc=0.3057
02:57:12 INFO    fitymi.experiment | running synth_closed_sub_p050_s2_f5e5b7501681626c: Corpus(n=312, {0: 126, 1: 102, 2: 58, 3: 26}, {'real': 156, 'synth_closed': 156})
02:57:13 INFO    fitymi.train.loop | epoch 1/18  loss=1.5355  val_bacc=0.2648
02:57:15 INFO    fitymi.train.loop | epoch 2/18  loss=1.4103  val_bacc=0.2471
02:57:17 INFO    fitymi.train.loop | epoch 3/18  loss=1.4181  val_bacc=0.2753
02:57:19 INFO    fitymi.train.loop | epoch 4/18  loss=1.3910  val_bacc=0.3097
02:57:20 INFO    fitymi.train.loop | epoch 5/18  loss=1.3824  val_bacc=0.3573
02:57:22 INFO    fitymi.train.loop | epoch 6/18  loss=1.3513  val_bacc=0.2917
02:57:24 INFO    fitymi.train.loop | epoch 7/18  loss=1.3277  val_bacc=0.3229
02:57:26 INFO    fitymi.train.loop | epoch 8/18  loss=1.3850  val_bacc=0.3845
02:57:27 INFO    fitymi.train.loop | epoch 9/18  loss=1.3611  val_bacc=0.3390
02:57:29 INFO    fitymi.train.loop | epoch 10/18  loss=1.3517  val_bacc=0.3641
02:57:31 INFO    fitymi.train.loop | epoch 11/18  loss=1.3439  val_bacc=0.4597
02:57:33 INFO    fitymi.train.loop | epoch 12/18  loss=1.3242  val_bacc=0.4086
02:57:34 INFO    fitymi.train.loop | epoch 13/18  loss=1.3267  val_bacc=0.4252
02:57:36 INFO    fitymi.train.loop | epoch 14/18  loss=1.2407  val_bacc=0.5076
02:57:38 INFO    fitymi.train.loop | epoch 15/18  loss=1.2212  val_bacc=0.5230
02:57:39 INFO    fitymi.train.loop | epoch 16/18  loss=1.2100  val_bacc=0.5230
02:57:41 INFO    fitymi.train.loop | epoch 17/18  loss=1.1738  val_bacc=0.4930
02:57:43 INFO    fitymi.train.loop | epoch 18/18  loss=1.2037  val_bacc=0.5090
02:57:43 INFO    fitymi.experiment | running synth_closed_sub_p100_s0_72b8f9b16406a7aa: Corpus(n=312, {0: 125, 1: 103, 2: 59, 3: 25}, {'synth_closed': 312})
02:57:45 INFO    fitymi.train.loop | epoch 1/18  loss=1.5216  val_bacc=0.2500
02:57:47 INFO    fitymi.train.loop | epoch 2/18  loss=1.4529  val_bacc=0.2500
02:57:49 INFO    fitymi.train.loop | epoch 3/18  loss=1.4459  val_bacc=0.2500
02:57:50 INFO    fitymi.train.loop | epoch 4/18  loss=1.4493  val_bacc=0.2500
02:57:52 INFO    fitymi.train.loop | epoch 5/18  loss=1.4455  val_bacc=0.2708
02:57:54 INFO    fitymi.train.loop | epoch 6/18  loss=1.4328  val_bacc=0.2312
02:57:56 INFO    fitymi.train.loop | epoch 7/18  loss=1.4189  val_bacc=0.1897
02:57:57 INFO    fitymi.train.loop | epoch 8/18  loss=1.4232  val_bacc=0.1875
02:57:59 INFO    fitymi.train.loop | epoch 9/18  loss=1.4464  val_bacc=0.1741
02:58:01 INFO    fitymi.train.loop | epoch 10/18  loss=1.4415  val_bacc=0.1839
02:58:03 INFO    fitymi.train.loop | epoch 11/18  loss=1.4309  val_bacc=0.1905
02:58:04 INFO    fitymi.train.loop | epoch 12/18  loss=1.4210  val_bacc=0.2342
02:58:06 INFO    fitymi.train.loop | epoch 13/18  loss=1.4249  val_bacc=0.2083
02:58:08 INFO    fitymi.train.loop | epoch 14/18  loss=1.4284  val_bacc=0.2127
02:58:10 INFO    fitymi.train.loop | epoch 15/18  loss=1.4101  val_bacc=0.1530
02:58:11 INFO    fitymi.train.loop | epoch 16/18  loss=1.4227  val_bacc=0.1783
02:58:13 INFO    fitymi.train.loop | epoch 17/18  loss=1.4147  val_bacc=0.1678
02:58:15 INFO    fitymi.train.loop | epoch 18/18  loss=1.4236  val_bacc=0.1678
02:58:16 INFO    fitymi.experiment | running synth_closed_sub_p100_s1_151a8da085800bf8: Corpus(n=312, {0: 125, 1: 103, 2: 59, 3: 25}, {'synth_closed': 312})
02:58:17 INFO    fitymi.train.loop | epoch 1/18  loss=1.5329  val_bacc=0.2500
02:58:19 INFO    fitymi.train.loop | epoch 2/18  loss=1.4406  val_bacc=0.2170
02:58:21 INFO    fitymi.train.loop | epoch 3/18  loss=1.4351  val_bacc=0.2500
02:58:23 INFO    fitymi.train.loop | epoch 4/18  loss=1.4542  val_bacc=0.2917
02:58:24 INFO    fitymi.train.loop | epoch 5/18  loss=1.4249  val_bacc=0.2500
02:58:26 INFO    fitymi.train.loop | epoch 6/18  loss=1.4478  val_bacc=0.2932
02:58:28 INFO    fitymi.train.loop | epoch 7/18  loss=1.4287  val_bacc=0.2482
02:58:30 INFO    fitymi.train.loop | epoch 8/18  loss=1.4378  val_bacc=0.2586
02:58:31 INFO    fitymi.train.loop | epoch 9/18  loss=1.4291  val_bacc=0.4934
02:58:33 INFO    fitymi.train.loop | epoch 10/18  loss=1.4225  val_bacc=0.3333
02:58:35 INFO    fitymi.train.loop | epoch 11/18  loss=1.4209  val_bacc=0.3289
02:58:37 INFO    fitymi.train.loop | epoch 12/18  loss=1.4345  val_bacc=0.2869
02:58:38 INFO    fitymi.train.loop | epoch 13/18  loss=1.4065  val_bacc=0.3205
02:58:40 INFO    fitymi.train.loop | epoch 14/18  loss=1.4210  val_bacc=0.3648
02:58:42 INFO    fitymi.train.loop | epoch 15/18  loss=1.4391  val_bacc=0.3413
02:58:44 INFO    fitymi.train.loop | epoch 16/18  loss=1.4089  val_bacc=0.3557
02:58:45 INFO    fitymi.train.loop | epoch 17/18  loss=1.4032  val_bacc=0.3914
02:58:47 INFO    fitymi.train.loop | epoch 18/18  loss=1.4265  val_bacc=0.4092
02:58:47 INFO    fitymi.experiment | running synth_closed_sub_p100_s2_6c317c50d7f9eb7f: Corpus(n=312, {0: 125, 1: 103, 2: 59, 3: 25}, {'synth_closed': 312})
02:58:49 INFO    fitymi.train.loop | epoch 1/18  loss=1.5855  val_bacc=0.2500
02:58:51 INFO    fitymi.train.loop | epoch 2/18  loss=1.4686  val_bacc=0.2500
02:58:53 INFO    fitymi.train.loop | epoch 3/18  loss=1.4325  val_bacc=0.2500
02:58:54 INFO    fitymi.train.loop | epoch 4/18  loss=1.4329  val_bacc=0.1994
02:58:56 INFO    fitymi.train.loop | epoch 5/18  loss=1.4322  val_bacc=0.3114
02:58:58 INFO    fitymi.train.loop | epoch 6/18  loss=1.4004  val_bacc=0.2672
02:59:00 INFO    fitymi.train.loop | epoch 7/18  loss=1.4380  val_bacc=0.2586
02:59:02 INFO    fitymi.train.loop | epoch 8/18  loss=1.4151  val_bacc=0.2188
02:59:04 INFO    fitymi.train.loop | epoch 9/18  loss=1.4122  val_bacc=0.2917
02:59:05 INFO    fitymi.train.loop | epoch 10/18  loss=1.4209  val_bacc=0.3208
02:59:07 INFO    fitymi.train.loop | epoch 11/18  loss=1.4114  val_bacc=0.3199
02:59:09 INFO    fitymi.train.loop | epoch 12/18  loss=1.4155  val_bacc=0.3021
02:59:11 INFO    fitymi.train.loop | epoch 13/18  loss=1.4149  val_bacc=0.2899
02:59:13 INFO    fitymi.train.loop | epoch 14/18  loss=1.4016  val_bacc=0.3621
02:59:14 INFO    fitymi.train.loop | epoch 15/18  loss=1.4077  val_bacc=0.3394
02:59:16 INFO    fitymi.train.loop | epoch 16/18  loss=1.4096  val_bacc=0.3567
02:59:18 INFO    fitymi.train.loop | epoch 17/18  loss=1.4170  val_bacc=0.3481
02:59:20 INFO    fitymi.train.loop | epoch 18/18  loss=1.3956  val_bacc=0.3394
02:59:20 INFO    fitymi.experiment | running real_subset_realonly_p050_s0_a03e4cb022176f5d: Corpus(n=156, {0: 63, 1: 51, 2: 29, 3: 13}, {'real': 156})
02:59:21 INFO    fitymi.train.loop | epoch 1/18  loss=1.5603  val_bacc=0.2500
02:59:22 INFO    fitymi.train.loop | epoch 2/18  loss=1.4255  val_bacc=0.2500
02:59:23 INFO    fitymi.train.loop | epoch 3/18  loss=1.3503  val_bacc=0.2381
02:59:24 INFO    fitymi.train.loop | epoch 4/18  loss=1.3391  val_bacc=0.3112
02:59:25 INFO    fitymi.train.loop | epoch 5/18  loss=1.3547  val_bacc=0.3527
02:59:26 INFO    fitymi.train.loop | epoch 6/18  loss=1.2625  val_bacc=0.3384
02:59:27 INFO    fitymi.train.loop | epoch 7/18  loss=1.2227  val_bacc=0.2500
02:59:28 INFO    fitymi.train.loop | epoch 8/18  loss=1.1334  val_bacc=0.4807
02:59:29 INFO    fitymi.train.loop | epoch 9/18  loss=1.1623  val_bacc=0.4616
02:59:30 INFO    fitymi.train.loop | epoch 10/18  loss=1.1119  val_bacc=0.5342
02:59:31 INFO    fitymi.train.loop | epoch 11/18  loss=1.0628  val_bacc=0.5301
02:59:32 INFO    fitymi.train.loop | epoch 12/18  loss=1.0655  val_bacc=0.4501
02:59:32 INFO    fitymi.train.loop | epoch 13/18  loss=1.0913  val_bacc=0.5527
02:59:33 INFO    fitymi.train.loop | epoch 14/18  loss=1.0594  val_bacc=0.5565
02:59:34 INFO    fitymi.train.loop | epoch 15/18  loss=0.9988  val_bacc=0.6149
02:59:35 INFO    fitymi.train.loop | epoch 16/18  loss=1.0097  val_bacc=0.5583
02:59:36 INFO    fitymi.train.loop | epoch 17/18  loss=0.9945  val_bacc=0.5613
02:59:37 INFO    fitymi.train.loop | epoch 18/18  loss=0.9885  val_bacc=0.5717
02:59:38 INFO    fitymi.experiment | running real_subset_realonly_p050_s1_5dfa2c4450ba9359: Corpus(n=156, {0: 63, 1: 51, 2: 29, 3: 13}, {'real': 156})
02:59:39 INFO    fitymi.train.loop | epoch 1/18  loss=1.4866  val_bacc=0.2624
02:59:40 INFO    fitymi.train.loop | epoch 2/18  loss=1.4186  val_bacc=0.3222
02:59:41 INFO    fitymi.train.loop | epoch 3/18  loss=1.4416  val_bacc=0.3028
02:59:42 INFO    fitymi.train.loop | epoch 4/18  loss=1.3482  val_bacc=0.3337
02:59:42 INFO    fitymi.train.loop | epoch 5/18  loss=1.3631  val_bacc=0.4174
02:59:43 INFO    fitymi.train.loop | epoch 6/18  loss=1.3223  val_bacc=0.3861
02:59:44 INFO    fitymi.train.loop | epoch 7/18  loss=1.3402  val_bacc=0.3685
02:59:45 INFO    fitymi.train.loop | epoch 8/18  loss=1.2959  val_bacc=0.4236
02:59:46 INFO    fitymi.train.loop | epoch 9/18  loss=1.3253  val_bacc=0.2503
02:59:47 INFO    fitymi.train.loop | epoch 10/18  loss=1.2954  val_bacc=0.3255
02:59:48 INFO    fitymi.train.loop | epoch 11/18  loss=1.2796  val_bacc=0.4519
02:59:49 INFO    fitymi.train.loop | epoch 12/18  loss=1.2778  val_bacc=0.4881
02:59:50 INFO    fitymi.train.loop | epoch 13/18  loss=1.2371  val_bacc=0.4727
02:59:51 INFO    fitymi.train.loop | epoch 14/18  loss=1.2357  val_bacc=0.4986
02:59:52 INFO    fitymi.train.loop | epoch 15/18  loss=1.1918  val_bacc=0.5072
02:59:53 INFO    fitymi.train.loop | epoch 16/18  loss=1.1743  val_bacc=0.5280
02:59:54 INFO    fitymi.train.loop | epoch 17/18  loss=1.1558  val_bacc=0.5280
02:59:55 INFO    fitymi.train.loop | epoch 18/18  loss=1.1855  val_bacc=0.5563
02:59:55 INFO    fitymi.experiment | running real_subset_realonly_p050_s2_a7190807d3f1da0c: Corpus(n=156, {0: 63, 1: 51, 2: 29, 3: 13}, {'real': 156})
02:59:56 INFO    fitymi.train.loop | epoch 1/18  loss=1.5831  val_bacc=0.2500
02:59:57 INFO    fitymi.train.loop | epoch 2/18  loss=1.4052  val_bacc=0.2586
02:59:58 INFO    fitymi.train.loop | epoch 3/18  loss=1.3933  val_bacc=0.3305
02:59:59 INFO    fitymi.train.loop | epoch 4/18  loss=1.3391  val_bacc=0.3670
03:00:00 INFO    fitymi.train.loop | epoch 5/18  loss=1.3608  val_bacc=0.3584
03:00:01 INFO    fitymi.train.loop | epoch 6/18  loss=1.3377  val_bacc=0.3849
03:00:02 INFO    fitymi.train.loop | epoch 7/18  loss=1.3534  val_bacc=0.3578
03:00:03 INFO    fitymi.train.loop | epoch 8/18  loss=1.3090  val_bacc=0.3614
03:00:04 INFO    fitymi.train.loop | epoch 9/18  loss=1.2732  val_bacc=0.3517
03:00:05 INFO    fitymi.train.loop | epoch 10/18  loss=1.2385  val_bacc=0.3978
03:00:06 INFO    fitymi.train.loop | epoch 11/18  loss=1.1395  val_bacc=0.4224
03:00:07 INFO    fitymi.train.loop | epoch 12/18  loss=1.1556  val_bacc=0.4044
03:00:08 INFO    fitymi.train.loop | epoch 13/18  loss=1.1595  val_bacc=0.4065
03:00:09 INFO    fitymi.train.loop | epoch 14/18  loss=1.0635  val_bacc=0.4472
03:00:10 INFO    fitymi.train.loop | epoch 15/18  loss=1.0518  val_bacc=0.3728
03:00:11 INFO    fitymi.train.loop | epoch 16/18  loss=1.1010  val_bacc=0.3821
03:00:12 INFO    fitymi.train.loop | epoch 17/18  loss=1.0364  val_bacc=0.4374
03:00:12 INFO    fitymi.train.loop | epoch 18/18  loss=1.0257  val_bacc=0.4707
03:00:13 INFO    fitymi.experiment | sweep smoke_synth_open: 4 arms x 3 seeds = 12 runs
03:00:13 INFO    fitymi.experiment | skipping none_sub_p000_s0_9b0c29eb75338943: record already exists
03:00:13 INFO    fitymi.experiment | skipping none_sub_p000_s1_2a36e419a3b67cce: record already exists
03:00:13 INFO    fitymi.experiment | skipping none_sub_p000_s2_c8426d2d68a1c10e: record already exists
03:00:13 INFO    fitymi.experiment | running synth_open_sub_p050_s0_a055b3b4fbc40ca2: Corpus(n=312, {0: 126, 1: 102, 2: 58, 3: 26}, {'real': 156, 'synth_open': 156})
03:00:15 INFO    fitymi.train.loop | epoch 1/18  loss=1.4997  val_bacc=0.2974
03:00:16 INFO    fitymi.train.loop | epoch 2/18  loss=1.5034  val_bacc=0.2604
03:00:18 INFO    fitymi.train.loop | epoch 3/18  loss=1.4212  val_bacc=0.2500
03:00:20 INFO    fitymi.train.loop | epoch 4/18  loss=1.4008  val_bacc=0.3107
03:00:22 INFO    fitymi.train.loop | epoch 5/18  loss=1.4194  val_bacc=0.1726
03:00:23 INFO    fitymi.train.loop | epoch 6/18  loss=1.3798  val_bacc=0.2068
03:00:25 INFO    fitymi.train.loop | epoch 7/18  loss=1.3731  val_bacc=0.2869
03:00:27 INFO    fitymi.train.loop | epoch 8/18  loss=1.3573  val_bacc=0.3318
03:00:29 INFO    fitymi.train.loop | epoch 9/18  loss=1.4105  val_bacc=0.2553
03:00:30 INFO    fitymi.train.loop | epoch 10/18  loss=1.3842  val_bacc=0.2202
03:00:32 INFO    fitymi.train.loop | epoch 11/18  loss=1.3706  val_bacc=0.3229
03:00:34 INFO    fitymi.train.loop | epoch 12/18  loss=1.3574  val_bacc=0.3646
03:00:36 INFO    fitymi.train.loop | epoch 13/18  loss=1.3623  val_bacc=0.4310
03:00:37 INFO    fitymi.train.loop | epoch 14/18  loss=1.3611  val_bacc=0.3905
03:00:39 INFO    fitymi.train.loop | epoch 15/18  loss=1.3686  val_bacc=0.3764
03:00:41 INFO    fitymi.train.loop | epoch 16/18  loss=1.3754  val_bacc=0.3675
03:00:43 INFO    fitymi.train.loop | epoch 17/18  loss=1.3410  val_bacc=0.3854
03:00:44 INFO    fitymi.train.loop | epoch 18/18  loss=1.3475  val_bacc=0.3940
03:00:45 INFO    fitymi.experiment | running synth_open_sub_p050_s1_4eb0f5865bbb5c0c: Corpus(n=312, {0: 126, 1: 102, 2: 58, 3: 26}, {'real': 156, 'synth_open': 156})
03:00:46 INFO    fitymi.train.loop | epoch 1/18  loss=1.5451  val_bacc=0.2500
03:00:48 INFO    fitymi.train.loop | epoch 2/18  loss=1.4334  val_bacc=0.3089
03:00:50 INFO    fitymi.train.loop | epoch 3/18  loss=1.4123  val_bacc=0.2381
03:00:52 INFO    fitymi.train.loop | epoch 4/18  loss=1.4223  val_bacc=0.2842
03:00:53 INFO    fitymi.train.loop | epoch 5/18  loss=1.4132  val_bacc=0.2178
03:00:55 INFO    fitymi.train.loop | epoch 6/18  loss=1.4222  val_bacc=0.3348
03:00:57 INFO    fitymi.train.loop | epoch 7/18  loss=1.4178  val_bacc=0.2181
03:00:59 INFO    fitymi.train.loop | epoch 8/18  loss=1.3970  val_bacc=0.2868
03:01:00 INFO    fitymi.train.loop | epoch 9/18  loss=1.3835  val_bacc=0.2247
03:01:02 INFO    fitymi.train.loop | epoch 10/18  loss=1.3771  val_bacc=0.2701
03:01:04 INFO    fitymi.train.loop | epoch 11/18  loss=1.3944  val_bacc=0.2064
03:01:06 INFO    fitymi.train.loop | epoch 12/18  loss=1.3705  val_bacc=0.3462
03:01:07 INFO    fitymi.train.loop | epoch 13/18  loss=1.3675  val_bacc=0.2400
03:01:09 INFO    fitymi.train.loop | epoch 14/18  loss=1.3750  val_bacc=0.2353
03:01:11 INFO    fitymi.train.loop | epoch 15/18  loss=1.3713  val_bacc=0.2686
03:01:13 INFO    fitymi.train.loop | epoch 16/18  loss=1.3586  val_bacc=0.2772
03:01:14 INFO    fitymi.train.loop | epoch 17/18  loss=1.3447  val_bacc=0.2840
03:01:16 INFO    fitymi.train.loop | epoch 18/18  loss=1.3664  val_bacc=0.2858
03:01:17 INFO    fitymi.experiment | running synth_open_sub_p050_s2_239e7ad04d5fdcae: Corpus(n=312, {0: 126, 1: 102, 2: 58, 3: 26}, {'real': 156, 'synth_open': 156})
